<?xml version="1.0" encoding="utf-8"?><testsuite errors="0" failures="0" name="pytest" skips="0" tests="8" time="0.563"><testcase classname="tests.test_flask" file="tests\test_flask.py" line="4" name="test_build_url_one_param" time="0.0009760856628417969"></testcase><testcase classname="tests.test_flask" file="tests\test_flask.py" line="10" name="test_build_url_two_params" time="0.0009851455688476562"></testcase><testcase classname="tests.test_flask" file="tests\test_flask.py" line="16" name="test_build_url_three_params_one_blank" time="0.0"></testcase><testcase classname="tests.test_flask" file="tests\test_flask.py" line="22" name="test_clean_search_parameters_two_params_one_with_interstital_space" time="0.001955270767211914"></testcase><testcase classname="tests.test_flask" file="tests\test_flask.py" line="28" name="test_clean_search_parameters_two_params_one_with_interstitial_and_trailing_space" time="0.0009789466857910156"></testcase><testcase classname="tests.test_flask" file="tests\test_flask.py" line="34" name="test_clean_search_parameters_two_params_both_with_interstitial_and_trailing_and_leading_space" time="0.0009732246398925781"></testcase><testcase classname="tests.test_flask" file="tests\test_flask.py" line="40" name="test_landing_page_exists" time="0.021486520767211914"></testcase><testcase classname="tests.test_flask" file="tests\test_flask.py" line="44" name="test_main_page_exists" time="0.004881620407104492"></testcase></testsuite>